<?xml version="1.0" encoding="utf-8"?>
<TestRun id="8a1a19f8-2c93-4dbd-a94b-21d56fce9183" name="Fares@FARES 2026-06-19 05:28:37" runUser="Fares\Fares" xmlns="http://microsoft.com/schemas/VisualStudio/TeamTest/2010">
  <Times creation="2026-06-19T05:28:37.4078606+03:00" queuing="2026-06-19T05:28:37.4078608+03:00" start="2026-06-19T05:28:36.6053198+03:00" finish="2026-06-19T05:28:37.4567986+03:00" />
  <TestSettings name="default" id="32212f8f-35e7-453c-8529-7f117c8a19ec">
    <Deployment runDeploymentRoot="Fares_FARES_2026-06-19_05_28_37" />
  </TestSettings>
  <Results>
    <UnitTestResult executionId="d7c3c057-88b6-47ed-a5b0-c893a2e99f06" testId="4a424da2-8565-9d82-b4bf-36ec16db9da3" testName="patisserie_shop.Operations.AppStockTransferTests.Cancel_Is_Blocked_Once_Goods_Are_Moving_But_Allowed_While_Pending" computerName="FARES" duration="00:00:00.0048932" startTime="2026-06-19T05:28:37.3394202+03:00" endTime="2026-06-19T05:28:37.3741028+03:00" testType="13cdc9d9-ddb5-4fa4-a97d-d965ccfc6d4b" outcome="Passed" testListId="8c84fa94-04c1-424b-9868-57a2d4851a1d" relativeResultsDirectory="d7c3c057-88b6-47ed-a5b0-c893a2e99f06" />
    <UnitTestResult executionId="aaf3397c-0e48-4013-95bd-a46de16349a3" testId="e90b6482-c334-a7ee-fd5c-59ae29314e76" testName="patisserie_shop.Intelligence.AppDecisionLogTests.MarkExecuted_Rejects_Invalid_Action_Type_And_Stays_Pending" computerName="FARES" duration="00:00:00.0007148" startTime="2026-06-19T05:28:37.3775882+03:00" endTime="2026-06-19T05:28:37.3785816+03:00" testType="13cdc9d9-ddb5-4fa4-a97d-d965ccfc6d4b" outcome="Passed" testListId="8c84fa94-04c1-424b-9868-57a2d4851a1d" relativeResultsDirectory="aaf3397c-0e48-4013-95bd-a46de16349a3" />
    <UnitTestResult executionId="ae07da3d-e818-4347-b17b-08f10592d2ab" testId="573c19c0-3b1e-f128-44dd-43a73ad71648" testName="patisserie_shop.Operations.AppStockTransferTests.AddItem_Should_Reject_Duplicates_And_NonPositive_Quantities" computerName="FARES" duration="00:00:00.0004276" startTime="2026-06-19T05:28:37.3798921+03:00" endTime="2026-06-19T05:28:37.3799436+03:00" testType="13cdc9d9-ddb5-4fa4-a97d-d965ccfc6d4b" outcome="Passed" testListId="8c84fa94-04c1-424b-9868-57a2d4851a1d" relativeResultsDirectory="ae07da3d-e818-4347-b17b-08f10592d2ab" />
    <UnitTestResult executionId="74a5e5cf-1e0c-4d60-9c73-5a4faac544d1" testId="b047eb95-d332-0b81-9581-d5716db54043" testName="patisserie_shop.Operations.AppSaleTests.Void_Should_Throw_When_Already_Voided" computerName="FARES" duration="00:00:00.0013803" startTime="2026-06-19T05:28:37.3710502+03:00" endTime="2026-06-19T05:28:37.3717014+03:00" testType="13cdc9d9-ddb5-4fa4-a97d-d965ccfc6d4b" outcome="Passed" testListId="8c84fa94-04c1-424b-9868-57a2d4851a1d" relativeResultsDirectory="74a5e5cf-1e0c-4d60-9c73-5a4faac544d1" />
    <UnitTestResult executionId="9420d9d4-5cb6-4dde-a84a-a571768c8cb6" testId="4feb6bb6-744d-599f-f103-0e38323fc4b3" testName="patisserie_shop.Operations.AppStockTransferTests.Constructor_Should_Reject_Same_Source_And_Destination" computerName="FARES" duration="00:00:00.0253182" startTime="2026-06-19T05:28:37.2860338+03:00" endTime="2026-06-19T05:28:37.3280335+03:00" testType="13cdc9d9-ddb5-4fa4-a97d-d965ccfc6d4b" outcome="Passed" testListId="8c84fa94-04c1-424b-9868-57a2d4851a1d" relativeResultsDirectory="9420d9d4-5cb6-4dde-a84a-a571768c8cb6" />
    <UnitTestResult executionId="b6246ee5-d108-4d48-bfec-6942c0d93cdc" testId="aec9e75d-9a98-d4f6-4800-511f4b45d0f6" testName="patisserie_shop.Operations.AppPurchaseOrderTests.Receipt_Walks_Partial_Then_Received_And_Publishes_PurchaseReceivedEto" computerName="FARES" duration="00:00:00.0276989" startTime="2026-06-19T05:28:37.2879739+03:00" endTime="2026-06-19T05:28:37.3279024+03:00" testType="13cdc9d9-ddb5-4fa4-a97d-d965ccfc6d4b" outcome="Passed" testListId="8c84fa94-04c1-424b-9868-57a2d4851a1d" relativeResultsDirectory="b6246ee5-d108-4d48-bfec-6942c0d93cdc" />
    <UnitTestResult executionId="ad787a86-603f-440a-8b54-1f044d201bf0" testId="0ffa4f60-8511-6e28-05a8-822825aa8cc8" testName="patisserie_shop.Intelligence.AppDecisionLogTests.Acknowledge_And_Dismiss_Transition_Once_And_Stamp_The_User" computerName="FARES" duration="00:00:00.0029969" startTime="2026-06-19T05:28:37.3750638+03:00" endTime="2026-06-19T05:28:37.3773327+03:00" testType="13cdc9d9-ddb5-4fa4-a97d-d965ccfc6d4b" outcome="Passed" testListId="8c84fa94-04c1-424b-9868-57a2d4851a1d" relativeResultsDirectory="ad787a86-603f-440a-8b54-1f044d201bf0" />
    <UnitTestResult executionId="9e9d9ad1-5675-46b0-9269-06988879f18b" testId="e7657215-ae16-c8e4-4420-3e45b49697be" testName="patisserie_shop.Operations.AppStockTransferTests.Items_Are_Frozen_After_Submit" computerName="FARES" duration="00:00:00.0003632" startTime="2026-06-19T05:28:37.3795507+03:00" endTime="2026-06-19T05:28:37.3797127+03:00" testType="13cdc9d9-ddb5-4fa4-a97d-d965ccfc6d4b" outcome="Passed" testListId="8c84fa94-04c1-424b-9868-57a2d4851a1d" relativeResultsDirectory="9e9d9ad1-5675-46b0-9269-06988879f18b" />
    <UnitTestResult executionId="bfac64fd-7749-4daf-96e7-cd63242bc428" testId="b5a52339-da1a-4ebc-23df-f3ffe69c4af1" testName="patisserie_shop.Operations.AppSaleTests.AddItem_Should_Reject_Duplicate_Product" computerName="FARES" duration="00:00:00.0005599" startTime="2026-06-19T05:28:37.3788681+03:00" endTime="2026-06-19T05:28:37.3789337+03:00" testType="13cdc9d9-ddb5-4fa4-a97d-d965ccfc6d4b" outcome="Passed" testListId="8c84fa94-04c1-424b-9868-57a2d4851a1d" relativeResultsDirectory="bfac64fd-7749-4daf-96e7-cd63242bc428" />
    <UnitTestResult executionId="48b9e98f-fe78-4836-b0a1-55420c6a8606" testId="c794c422-1f9d-861d-593b-9789fac8825a" testName="patisserie_shop.Operations.AppStockTransferTests.Approve_Should_Default_Approved_Quantities_To_Requested" computerName="FARES" duration="00:00:00.0004112" startTime="2026-06-19T05:28:37.3811391+03:00" endTime="2026-06-19T05:28:37.3811803+03:00" testType="13cdc9d9-ddb5-4fa4-a97d-d965ccfc6d4b" outcome="Passed" testListId="8c84fa94-04c1-424b-9868-57a2d4851a1d" relativeResultsDirectory="48b9e98f-fe78-4836-b0a1-55420c6a8606" />
    <UnitTestResult executionId="296a0d96-8bcf-4517-8320-6767702381d2" testId="9f2a9cf9-a39d-40af-de40-160ac5b9caaa" testName="patisserie_shop.Operations.AppStockTransferTests.Submit_Should_Reject_Empty_Transfer" computerName="FARES" duration="00:00:00.0003584" startTime="2026-06-19T05:28:37.3809385+03:00" endTime="2026-06-19T05:28:37.3810011+03:00" testType="13cdc9d9-ddb5-4fa4-a97d-d965ccfc6d4b" outcome="Passed" testListId="8c84fa94-04c1-424b-9868-57a2d4851a1d" relativeResultsDirectory="296a0d96-8bcf-4517-8320-6767702381d2" />
    <UnitTestResult executionId="5d8b34da-9767-4218-b430-fefef0b57473" testId="f6e75052-0bec-b850-3616-d3b94b682dff" testName="patisserie_shop.Intelligence.AppDecisionLogTests.Second_Status_Transition_Throws_DecisionLogNotPending" computerName="FARES" duration="00:00:00.0027202" startTime="2026-06-19T05:28:37.3714852+03:00" endTime="2026-06-19T05:28:37.3736186+03:00" testType="13cdc9d9-ddb5-4fa4-a97d-d965ccfc6d4b" outcome="Passed" testListId="8c84fa94-04c1-424b-9868-57a2d4851a1d" relativeResultsDirectory="5d8b34da-9767-4218-b430-fefef0b57473" />
    <UnitTestResult executionId="11ca49e7-e0aa-46e9-8076-13a2d1cdc5ea" testId="c555b039-2a4e-3169-9818-610298247d4d" testName="patisserie_shop.Intelligence.AppDecisionLogTests.MarkExecuted_Records_The_Created_Document_Link" computerName="FARES" duration="00:00:00.0007484" startTime="2026-06-19T05:28:37.3774457+03:00" endTime="2026-06-19T05:28:37.3774872+03:00" testType="13cdc9d9-ddb5-4fa4-a97d-d965ccfc6d4b" outcome="Passed" testListId="8c84fa94-04c1-424b-9868-57a2d4851a1d" relativeResultsDirectory="11ca49e7-e0aa-46e9-8076-13a2d1cdc5ea" />
    <UnitTestResult executionId="aa894881-64f0-4289-b062-bea0817fc5e9" testId="830b61d5-5619-c4d5-8486-3d9580ac8583" testName="patisserie_shop.Intelligence.AppDecisionLogTests.New_Log_Is_Born_Pending_And_Publishes_DecisionMadeEto" computerName="FARES" duration="00:00:00.0014924" startTime="2026-06-19T05:28:37.3704134+03:00" endTime="2026-06-19T05:28:37.3711358+03:00" testType="13cdc9d9-ddb5-4fa4-a97d-d965ccfc6d4b" outcome="Passed" testListId="8c84fa94-04c1-424b-9868-57a2d4851a1d" relativeResultsDirectory="aa894881-64f0-4289-b062-bea0817fc5e9" />
    <UnitTestResult executionId="fb744e84-6905-4f3e-8f91-7ec87d73a363" testId="1ee852ca-c85e-7e8f-9178-8c2df22ec011" testName="patisserie_shop.Operations.AppSaleTests.AddItem_Should_Reject_NonPositive_Quantity_And_Negative_Price" computerName="FARES" duration="00:00:00.0011595" startTime="2026-06-19T05:28:37.3790602+03:00" endTime="2026-06-19T05:28:37.3792456+03:00" testType="13cdc9d9-ddb5-4fa4-a97d-d965ccfc6d4b" outcome="Passed" testListId="8c84fa94-04c1-424b-9868-57a2d4851a1d" relativeResultsDirectory="fb744e84-6905-4f3e-8f91-7ec87d73a363" />
    <UnitTestResult executionId="b51875ae-f48d-4b09-b912-28a9c52c0a0e" testId="f62959ca-6952-0087-a37b-f7905b156949" testName="patisserie_shop.Operations.AppPurchaseOrderTests.New_Order_Is_Draft_And_Item_Edits_Recalculate_Total" computerName="FARES" duration="00:00:00.0014598" startTime="2026-06-19T05:28:37.3735767+03:00" endTime="2026-06-19T05:28:37.3736854+03:00" testType="13cdc9d9-ddb5-4fa4-a97d-d965ccfc6d4b" outcome="Passed" testListId="8c84fa94-04c1-424b-9868-57a2d4851a1d" relativeResultsDirectory="b51875ae-f48d-4b09-b912-28a9c52c0a0e" />
    <UnitTestResult executionId="48e8d4fd-4579-480c-b44b-1eb856d69b37" testId="1c8b4437-f4ed-d859-e155-a074eb639b7e" testName="patisserie_shop.Operations.AppCashierShiftTests.Close_Should_Throw_When_Already_Closed" computerName="FARES" duration="00:00:00.0253973" startTime="2026-06-19T05:28:37.2880210+03:00" endTime="2026-06-19T05:28:37.3280527+03:00" testType="13cdc9d9-ddb5-4fa4-a97d-d965ccfc6d4b" outcome="Passed" testListId="8c84fa94-04c1-424b-9868-57a2d4851a1d" relativeResultsDirectory="48e8d4fd-4579-480c-b44b-1eb856d69b37" />
    <UnitTestResult executionId="dc1b5040-76a9-4810-b4fd-0bf79d4f0fb7" testId="02d24536-3119-0e03-6ce5-0d55023f3573" testName="patisserie_shop.Intelligence.AppDecisionLogTests.RecordOutcome_Is_Write_Once" computerName="FARES" duration="00:00:00.0004548" startTime="2026-06-19T05:28:37.3740580+03:00" endTime="2026-06-19T05:28:37.3749539+03:00" testType="13cdc9d9-ddb5-4fa4-a97d-d965ccfc6d4b" outcome="Passed" testListId="8c84fa94-04c1-424b-9868-57a2d4851a1d" relativeResultsDirectory="dc1b5040-76a9-4810-b4fd-0bf79d4f0fb7" />
    <UnitTestResult executionId="455cf09f-5bb3-471a-983b-7560a61b453f" testId="4eb10c01-cbe5-f52f-2d7a-53eef37c9ea2" testName="patisserie_shop.Operations.AppPurchaseOrderTests.Cancel_Is_Blocked_After_Full_Receipt_But_Allowed_From_Draft" computerName="FARES" duration="00:00:00.0012075" startTime="2026-06-19T05:28:37.3702522+03:00" endTime="2026-06-19T05:28:37.3707707+03:00" testType="13cdc9d9-ddb5-4fa4-a97d-d965ccfc6d4b" outcome="Passed" testListId="8c84fa94-04c1-424b-9868-57a2d4851a1d" relativeResultsDirectory="455cf09f-5bb3-471a-983b-7560a61b453f" />
    <UnitTestResult executionId="c169c943-edd9-4fca-83e1-2eda6149e1dc" testId="1da80626-70b0-a42d-12a2-54f13c379228" testName="patisserie_shop.Intelligence.AppDecisionLogTests.RecordOutcome_Sets_Outcome_And_Timestamp" computerName="FARES" duration="00:00:00.0264236" startTime="2026-06-19T05:28:37.2879245+03:00" endTime="2026-06-19T05:28:37.3280076+03:00" testType="13cdc9d9-ddb5-4fa4-a97d-d965ccfc6d4b" outcome="Passed" testListId="8c84fa94-04c1-424b-9868-57a2d4851a1d" relativeResultsDirectory="c169c943-edd9-4fca-83e1-2eda6149e1dc" />
    <UnitTestResult executionId="01b9c72f-b904-4aa5-9398-d19346459fe1" testId="2b150d03-5c26-8756-ee91-db8f4eedd586" testName="patisserie_shop.Operations.AppSaleTests.Record_Should_Publish_SaleRecordedEto_When_Stock_Covers_All_Lines" computerName="FARES" duration="00:00:00.0027739" startTime="2026-06-19T05:28:37.3733774+03:00" endTime="2026-06-19T05:28:37.3751040+03:00" testType="13cdc9d9-ddb5-4fa4-a97d-d965ccfc6d4b" outcome="Passed" testListId="8c84fa94-04c1-424b-9868-57a2d4851a1d" relativeResultsDirectory="01b9c72f-b904-4aa5-9398-d19346459fe1" />
    <UnitTestResult executionId="09e48e2a-50ce-4dcb-ba99-10a98d48287a" testId="3d53006a-fee9-5757-2e3e-fbb50a67772a" testName="patisserie_shop.Operations.AppStockTransferTests.Ship_Requires_Approved_And_Complete_Requires_InTransit" computerName="FARES" duration="00:00:00.0004568" startTime="2026-06-19T05:28:37.3792075+03:00" endTime="2026-06-19T05:28:37.3794446+03:00" testType="13cdc9d9-ddb5-4fa4-a97d-d965ccfc6d4b" outcome="Passed" testListId="8c84fa94-04c1-424b-9868-57a2d4851a1d" relativeResultsDirectory="09e48e2a-50ce-4dcb-ba99-10a98d48287a" />
    <UnitTestResult executionId="23acf087-d1eb-4e29-a7d0-52e3989fecc0" testId="60f5559d-3fb3-557a-f413-88fa95bd2619" testName="patisserie_shop.Operations.AppSaleTests.Record_Should_Throw_On_Empty_Sale" computerName="FARES" duration="00:00:00.0011978" startTime="2026-06-19T05:28:37.3702871+03:00" endTime="2026-06-19T05:28:37.3705243+03:00" testType="13cdc9d9-ddb5-4fa4-a97d-d965ccfc6d4b" outcome="Passed" testListId="8c84fa94-04c1-424b-9868-57a2d4851a1d" relativeResultsDirectory="23acf087-d1eb-4e29-a7d0-52e3989fecc0" />
    <UnitTestResult executionId="d1edb0dc-c11e-4d10-839a-4435d92c57ac" testId="ab5877ef-ec82-3792-508d-b632dae51900" testName="patisserie_shop.Operations.AppCashierShiftTests.Close_Should_Set_Variance_As_Counted_Minus_Expected_And_Flip_Status" computerName="FARES" duration="00:00:00.0032884" startTime="2026-06-19T05:28:37.3709741+03:00" endTime="2026-06-19T05:28:37.3738988+03:00" testType="13cdc9d9-ddb5-4fa4-a97d-d965ccfc6d4b" outcome="Passed" testListId="8c84fa94-04c1-424b-9868-57a2d4851a1d" relativeResultsDirectory="d1edb0dc-c11e-4d10-839a-4435d92c57ac" />
    <UnitTestResult executionId="09078471-6e65-40bd-89e4-b798f915e13d" testId="8d40fffd-739f-fc18-5733-b27919597577" testName="patisserie_shop.Operations.AppSaleTests.AssignShift_Should_Link_The_Sale_To_A_Shift" computerName="FARES" duration="00:00:00.0026013" startTime="2026-06-19T05:28:37.3752102+03:00" endTime="2026-06-19T05:28:37.3771184+03:00" testType="13cdc9d9-ddb5-4fa4-a97d-d965ccfc6d4b" outcome="Passed" testListId="8c84fa94-04c1-424b-9868-57a2d4851a1d" relativeResultsDirectory="09078471-6e65-40bd-89e4-b798f915e13d" />
    <UnitTestResult executionId="d01d9d7a-07b8-45cc-be76-dc38e63ff2cc" testId="3fa8046d-10db-4bff-a7a0-3ef1671d96a7" testName="patisserie_shop.Operations.AppStockTransferTests.ApproveItem_Is_Only_Valid_While_Approved" computerName="FARES" duration="00:00:00.0010954" startTime="2026-06-19T05:28:37.3813192+03:00" endTime="2026-06-19T05:28:37.3813605+03:00" testType="13cdc9d9-ddb5-4fa4-a97d-d965ccfc6d4b" outcome="Passed" testListId="8c84fa94-04c1-424b-9868-57a2d4851a1d" relativeResultsDirectory="d01d9d7a-07b8-45cc-be76-dc38e63ff2cc" />
    <UnitTestResult executionId="39b0dbf2-734c-496c-908a-ac8c2c32a39a" testId="4a8bab1f-ceeb-7187-88ab-50b3ea758184" testName="patisserie_shop.Operations.AppSaleTests.Record_Should_Throw_When_Stock_Is_Insufficient" computerName="FARES" duration="00:00:00.0011301" startTime="2026-06-19T05:28:37.3772479+03:00" endTime="2026-06-19T05:28:37.3776290+03:00" testType="13cdc9d9-ddb5-4fa4-a97d-d965ccfc6d4b" outcome="Passed" testListId="8c84fa94-04c1-424b-9868-57a2d4851a1d" relativeResultsDirectory="39b0dbf2-734c-496c-908a-ac8c2c32a39a" />
    <UnitTestResult executionId="b26eeb74-22d2-4de5-945f-90d9188e5ace" testId="96283d70-22fc-583f-8fd9-95eea8d85525" testName="patisserie_shop.Intelligence.AppDecisionLogTests.RecordOutcome_Rejects_Invalid_Values" computerName="FARES" duration="00:00:00.0003863" startTime="2026-06-19T05:28:37.3738150+03:00" endTime="2026-06-19T05:28:37.3739648+03:00" testType="13cdc9d9-ddb5-4fa4-a97d-d965ccfc6d4b" outcome="Passed" testListId="8c84fa94-04c1-424b-9868-57a2d4851a1d" relativeResultsDirectory="b26eeb74-22d2-4de5-945f-90d9188e5ace" />
    <UnitTestResult executionId="5a91467a-bd83-43d6-91c4-f68442dd1b60" testId="b1935718-3ca2-21fa-4b3a-3bea4a9eda6f" testName="patisserie_shop.Operations.AppPurchaseOrderTests.Editing_Items_Or_Header_Is_Blocked_After_Draft" computerName="FARES" duration="00:00:00.0009976" startTime="2026-06-19T05:28:37.3749099+03:00" endTime="2026-06-19T05:28:37.3752530+03:00" testType="13cdc9d9-ddb5-4fa4-a97d-d965ccfc6d4b" outcome="Passed" testListId="8c84fa94-04c1-424b-9868-57a2d4851a1d" relativeResultsDirectory="5a91467a-bd83-43d6-91c4-f68442dd1b60" />
    <UnitTestResult executionId="c36cc0dc-89f4-45c9-913b-19e8c31b85dd" testId="bd999c45-3507-9adc-d223-8c12d6da1366" testName="patisserie_shop.Operations.AppPurchaseOrderTests.Receipt_Requires_A_Receivable_Status" computerName="FARES" duration="00:00:00.0006688" startTime="2026-06-19T05:28:37.3716472+03:00" endTime="2026-06-19T05:28:37.3734391+03:00" testType="13cdc9d9-ddb5-4fa4-a97d-d965ccfc6d4b" outcome="Passed" testListId="8c84fa94-04c1-424b-9868-57a2d4851a1d" relativeResultsDirectory="c36cc0dc-89f4-45c9-913b-19e8c31b85dd" />
    <UnitTestResult executionId="39ecfb69-8be5-4a8c-92fd-a45944d8c80f" testId="0183945e-727d-6293-e2b3-ce754c28ef59" testName="patisserie_shop.Operations.AppPurchaseOrderTests.Receipt_Should_Reject_Overdelivery" computerName="FARES" duration="00:00:00.0006742" startTime="2026-06-19T05:28:37.3738466+03:00" endTime="2026-06-19T05:28:37.3742372+03:00" testType="13cdc9d9-ddb5-4fa4-a97d-d965ccfc6d4b" outcome="Passed" testListId="8c84fa94-04c1-424b-9868-57a2d4851a1d" relativeResultsDirectory="39ecfb69-8be5-4a8c-92fd-a45944d8c80f" />
    <UnitTestResult executionId="9b0ebbf9-cdde-4ee1-a9c6-2bdf66fe5505" testId="cb7b6709-1f77-c69c-9d8c-a149734fa9d5" testName="patisserie_shop.Operations.AppPurchaseOrderTests.Submit_Should_Reject_Empty_Order_And_Approve_Requires_Submitted" computerName="FARES" duration="00:00:00.0007817" startTime="2026-06-19T05:28:37.3709542+03:00" endTime="2026-06-19T05:28:37.3715332+03:00" testType="13cdc9d9-ddb5-4fa4-a97d-d965ccfc6d4b" outcome="Passed" testListId="8c84fa94-04c1-424b-9868-57a2d4851a1d" relativeResultsDirectory="9b0ebbf9-cdde-4ee1-a9c6-2bdf66fe5505" />
    <UnitTestResult executionId="5bffd1f6-0fce-48f5-b3e6-35ee971fb848" testId="3dea9483-84c5-a389-dcc0-e03bfbbd5498" testName="patisserie_shop.Operations.AppSaleTests.Void_Should_Flip_State_And_Capture_Who_When_And_Why" computerName="FARES" duration="00:00:00.0004506" startTime="2026-06-19T05:28:37.3793992+03:00" endTime="2026-06-19T05:28:37.3795892+03:00" testType="13cdc9d9-ddb5-4fa4-a97d-d965ccfc6d4b" outcome="Passed" testListId="8c84fa94-04c1-424b-9868-57a2d4851a1d" relativeResultsDirectory="5bffd1f6-0fce-48f5-b3e6-35ee971fb848" />
    <UnitTestResult executionId="2a9d5049-8604-4d18-8ba1-b64157b06cf9" testId="421b399b-4ec4-8a78-4f73-596144a312a0" testName="patisserie_shop.Operations.AppCashierShiftTests.Constructor_Should_Reject_Negative_Opening_Float" computerName="FARES" duration="00:00:00.0011910" startTime="2026-06-19T05:28:37.3393336+03:00" endTime="2026-06-19T05:28:37.3704819+03:00" testType="13cdc9d9-ddb5-4fa4-a97d-d965ccfc6d4b" outcome="Passed" testListId="8c84fa94-04c1-424b-9868-57a2d4851a1d" relativeResultsDirectory="2a9d5049-8604-4d18-8ba1-b64157b06cf9" />
    <UnitTestResult executionId="db7483ba-0b4c-4c68-8825-695b448f1832" testId="9d4737a9-eccc-5120-984a-52f6dea23274" testName="patisserie_shop.Operations.AppSaleTests.AddItem_Should_Recalculate_Total_From_Line_Subtotals" computerName="FARES" duration="00:00:00.0264018" startTime="2026-06-19T05:28:37.2879987+03:00" endTime="2026-06-19T05:28:37.3217414+03:00" testType="13cdc9d9-ddb5-4fa4-a97d-d965ccfc6d4b" outcome="Passed" testListId="8c84fa94-04c1-424b-9868-57a2d4851a1d" relativeResultsDirectory="db7483ba-0b4c-4c68-8825-695b448f1832" />
    <UnitTestResult executionId="3f1f11c9-361d-4b4d-9cf9-2954f56dfb1f" testId="8e463b1f-09a3-bc45-e784-06923d71c0b0" testName="patisserie_shop.Operations.AppStockTransferTests.Complete_Uses_Supplied_Quantity_Or_Falls_Back_To_Approved_And_Publishes_Eto" computerName="FARES" duration="00:00:00.0070128" startTime="2026-06-19T05:28:37.3741980+03:00" endTime="2026-06-19T05:28:37.3791032+03:00" testType="13cdc9d9-ddb5-4fa4-a97d-d965ccfc6d4b" outcome="Passed" testListId="8c84fa94-04c1-424b-9868-57a2d4851a1d" relativeResultsDirectory="3f1f11c9-361d-4b4d-9cf9-2954f56dfb1f" />
    <UnitTestResult executionId="42dca6ea-1203-4026-9b47-5d3d6b05f6ba" testId="516b2d5e-19bf-261f-d0c5-73788ec872ba" testName="patisserie_shop.Operations.AppSaleTests.Record_Should_Throw_When_Inventory_Row_Is_Missing" computerName="FARES" duration="00:00:00.0009341" startTime="2026-06-19T05:28:37.3785155+03:00" endTime="2026-06-19T05:28:37.3787141+03:00" testType="13cdc9d9-ddb5-4fa4-a97d-d965ccfc6d4b" outcome="Passed" testListId="8c84fa94-04c1-424b-9868-57a2d4851a1d" relativeResultsDirectory="42dca6ea-1203-4026-9b47-5d3d6b05f6ba" />
    <UnitTestResult executionId="edcfc5de-9de6-47c0-8160-50e18b243425" testId="26f0252a-199e-7d69-7061-e78c91c31eb7" testName="patisserie_shop.Operations.AppPurchaseOrderTests.AddItem_Should_Reject_Duplicate_Product" computerName="FARES" duration="00:00:00.0004848" startTime="2026-06-19T05:28:37.3753905+03:00" endTime="2026-06-19T05:28:37.3762717+03:00" testType="13cdc9d9-ddb5-4fa4-a97d-d965ccfc6d4b" outcome="Passed" testListId="8c84fa94-04c1-424b-9868-57a2d4851a1d" relativeResultsDirectory="edcfc5de-9de6-47c0-8160-50e18b243425" />
  </Results>
  <TestDefinitions>
    <UnitTest name="patisserie_shop.Operations.AppCashierShiftTests.Constructor_Should_Reject_Negative_Opening_Float" storage="c:\users\fares\onedrive\documents\projects\patisserie_shop\test\patisserie_shop.domain.tests\bin\debug\net10.0\patisserie_shop.domain.tests.dll" id="421b399b-4ec4-8a78-4f73-596144a312a0">
      <Execution id="2a9d5049-8604-4d18-8ba1-b64157b06cf9" />
      <TestMethod codeBase="C:\Users\fares\OneDrive\Documents\Projects\patisserie_shop\test\patisserie_shop.Domain.Tests\bin\Debug\net10.0\patisserie_shop.Domain.Tests.dll" adapterTypeName="executor://xunit/VsTestRunner3/netcore/" className="patisserie_shop.Operations.AppCashierShiftTests" name="Constructor_Should_Reject_Negative_Opening_Float" />
    </UnitTest>
    <UnitTest name="patisserie_shop.Operations.AppPurchaseOrderTests.Receipt_Should_Reject_Overdelivery" storage="c:\users\fares\onedrive\documents\projects\patisserie_shop\test\patisserie_shop.domain.tests\bin\debug\net10.0\patisserie_shop.domain.tests.dll" id="0183945e-727d-6293-e2b3-ce754c28ef59">
      <Execution id="39ecfb69-8be5-4a8c-92fd-a45944d8c80f" />
      <TestMethod codeBase="C:\Users\fares\OneDrive\Documents\Projects\patisserie_shop\test\patisserie_shop.Domain.Tests\bin\Debug\net10.0\patisserie_shop.Domain.Tests.dll" adapterTypeName="executor://xunit/VsTestRunner3/netcore/" className="patisserie_shop.Operations.AppPurchaseOrderTests" name="Receipt_Should_Reject_Overdelivery" />
    </UnitTest>
    <UnitTest name="patisserie_shop.Intelligence.AppDecisionLogTests.MarkExecuted_Rejects_Invalid_Action_Type_And_Stays_Pending" storage="c:\users\fares\onedrive\documents\projects\patisserie_shop\test\patisserie_shop.domain.tests\bin\debug\net10.0\patisserie_shop.domain.tests.dll" id="e90b6482-c334-a7ee-fd5c-59ae29314e76">
      <Execution id="aaf3397c-0e48-4013-95bd-a46de16349a3" />
      <TestMethod codeBase="C:\Users\fares\OneDrive\Documents\Projects\patisserie_shop\test\patisserie_shop.Domain.Tests\bin\Debug\net10.0\patisserie_shop.Domain.Tests.dll" adapterTypeName="executor://xunit/VsTestRunner3/netcore/" className="patisserie_shop.Intelligence.AppDecisionLogTests" name="MarkExecuted_Rejects_Invalid_Action_Type_And_Stays_Pending" />
    </UnitTest>
    <UnitTest name="patisserie_shop.Operations.AppCashierShiftTests.Close_Should_Throw_When_Already_Closed" storage="c:\users\fares\onedrive\documents\projects\patisserie_shop\test\patisserie_shop.domain.tests\bin\debug\net10.0\patisserie_shop.domain.tests.dll" id="1c8b4437-f4ed-d859-e155-a074eb639b7e">
      <Execution id="48e8d4fd-4579-480c-b44b-1eb856d69b37" />
      <TestMethod codeBase="C:\Users\fares\OneDrive\Documents\Projects\patisserie_shop\test\patisserie_shop.Domain.Tests\bin\Debug\net10.0\patisserie_shop.Domain.Tests.dll" adapterTypeName="executor://xunit/VsTestRunner3/netcore/" className="patisserie_shop.Operations.AppCashierShiftTests" name="Close_Should_Throw_When_Already_Closed" />
    </UnitTest>
    <UnitTest name="patisserie_shop.Operations.AppPurchaseOrderTests.Submit_Should_Reject_Empty_Order_And_Approve_Requires_Submitted" storage="c:\users\fares\onedrive\documents\projects\patisserie_shop\test\patisserie_shop.domain.tests\bin\debug\net10.0\patisserie_shop.domain.tests.dll" id="cb7b6709-1f77-c69c-9d8c-a149734fa9d5">
      <Execution id="9b0ebbf9-cdde-4ee1-a9c6-2bdf66fe5505" />
      <TestMethod codeBase="C:\Users\fares\OneDrive\Documents\Projects\patisserie_shop\test\patisserie_shop.Domain.Tests\bin\Debug\net10.0\patisserie_shop.Domain.Tests.dll" adapterTypeName="executor://xunit/VsTestRunner3/netcore/" className="patisserie_shop.Operations.AppPurchaseOrderTests" name="Submit_Should_Reject_Empty_Order_And_Approve_Requires_Submitted" />
    </UnitTest>
    <UnitTest name="patisserie_shop.Operations.AppStockTransferTests.ApproveItem_Is_Only_Valid_While_Approved" storage="c:\users\fares\onedrive\documents\projects\patisserie_shop\test\patisserie_shop.domain.tests\bin\debug\net10.0\patisserie_shop.domain.tests.dll" id="3fa8046d-10db-4bff-a7a0-3ef1671d96a7">
      <Execution id="d01d9d7a-07b8-45cc-be76-dc38e63ff2cc" />
      <TestMethod codeBase="C:\Users\fares\OneDrive\Documents\Projects\patisserie_shop\test\patisserie_shop.Domain.Tests\bin\Debug\net10.0\patisserie_shop.Domain.Tests.dll" adapterTypeName="executor://xunit/VsTestRunner3/netcore/" className="patisserie_shop.Operations.AppStockTransferTests" name="ApproveItem_Is_Only_Valid_While_Approved" />
    </UnitTest>
    <UnitTest name="patisserie_shop.Operations.AppSaleTests.AddItem_Should_Reject_NonPositive_Quantity_And_Negative_Price" storage="c:\users\fares\onedrive\documents\projects\patisserie_shop\test\patisserie_shop.domain.tests\bin\debug\net10.0\patisserie_shop.domain.tests.dll" id="1ee852ca-c85e-7e8f-9178-8c2df22ec011">
      <Execution id="fb744e84-6905-4f3e-8f91-7ec87d73a363" />
      <TestMethod codeBase="C:\Users\fares\OneDrive\Documents\Projects\patisserie_shop\test\patisserie_shop.Domain.Tests\bin\Debug\net10.0\patisserie_shop.Domain.Tests.dll" adapterTypeName="executor://xunit/VsTestRunner3/netcore/" className="patisserie_shop.Operations.AppSaleTests" name="AddItem_Should_Reject_NonPositive_Quantity_And_Negative_Price" />
    </UnitTest>
    <UnitTest name="patisserie_shop.Intelligence.AppDecisionLogTests.New_Log_Is_Born_Pending_And_Publishes_DecisionMadeEto" storage="c:\users\fares\onedrive\documents\projects\patisserie_shop\test\patisserie_shop.domain.tests\bin\debug\net10.0\patisserie_shop.domain.tests.dll" id="830b61d5-5619-c4d5-8486-3d9580ac8583">
      <Execution id="aa894881-64f0-4289-b062-bea0817fc5e9" />
      <TestMethod codeBase="C:\Users\fares\OneDrive\Documents\Projects\patisserie_shop\test\patisserie_shop.Domain.Tests\bin\Debug\net10.0\patisserie_shop.Domain.Tests.dll" adapterTypeName="executor://xunit/VsTestRunner3/netcore/" className="patisserie_shop.Intelligence.AppDecisionLogTests" name="New_Log_Is_Born_Pending_And_Publishes_DecisionMadeEto" />
    </UnitTest>
    <UnitTest name="patisserie_shop.Operations.AppSaleTests.Record_Should_Throw_When_Stock_Is_Insufficient" storage="c:\users\fares\onedrive\documents\projects\patisserie_shop\test\patisserie_shop.domain.tests\bin\debug\net10.0\patisserie_shop.domain.tests.dll" id="4a8bab1f-ceeb-7187-88ab-50b3ea758184">
      <Execution id="39b0dbf2-734c-496c-908a-ac8c2c32a39a" />
      <TestMethod codeBase="C:\Users\fares\OneDrive\Documents\Projects\patisserie_shop\test\patisserie_shop.Domain.Tests\bin\Debug\net10.0\patisserie_shop.Domain.Tests.dll" adapterTypeName="executor://xunit/VsTestRunner3/netcore/" className="patisserie_shop.Operations.AppSaleTests" name="Record_Should_Throw_When_Stock_Is_Insufficient" />
    </UnitTest>
    <UnitTest name="patisserie_shop.Operations.AppPurchaseOrderTests.AddItem_Should_Reject_Duplicate_Product" storage="c:\users\fares\onedrive\documents\projects\patisserie_shop\test\patisserie_shop.domain.tests\bin\debug\net10.0\patisserie_shop.domain.tests.dll" id="26f0252a-199e-7d69-7061-e78c91c31eb7">
      <Execution id="edcfc5de-9de6-47c0-8160-50e18b243425" />
      <TestMethod codeBase="C:\Users\fares\OneDrive\Documents\Projects\patisserie_shop\test\patisserie_shop.Domain.Tests\bin\Debug\net10.0\patisserie_shop.Domain.Tests.dll" adapterTypeName="executor://xunit/VsTestRunner3/netcore/" className="patisserie_shop.Operations.AppPurchaseOrderTests" name="AddItem_Should_Reject_Duplicate_Product" />
    </UnitTest>
    <UnitTest name="patisserie_shop.Intelligence.AppDecisionLogTests.Second_Status_Transition_Throws_DecisionLogNotPending" storage="c:\users\fares\onedrive\documents\projects\patisserie_shop\test\patisserie_shop.domain.tests\bin\debug\net10.0\patisserie_shop.domain.tests.dll" id="f6e75052-0bec-b850-3616-d3b94b682dff">
      <Execution id="5d8b34da-9767-4218-b430-fefef0b57473" />
      <TestMethod codeBase="C:\Users\fares\OneDrive\Documents\Projects\patisserie_shop\test\patisserie_shop.Domain.Tests\bin\Debug\net10.0\patisserie_shop.Domain.Tests.dll" adapterTypeName="executor://xunit/VsTestRunner3/netcore/" className="patisserie_shop.Intelligence.AppDecisionLogTests" name="Second_Status_Transition_Throws_DecisionLogNotPending" />
    </UnitTest>
    <UnitTest name="patisserie_shop.Operations.AppStockTransferTests.AddItem_Should_Reject_Duplicates_And_NonPositive_Quantities" storage="c:\users\fares\onedrive\documents\projects\patisserie_shop\test\patisserie_shop.domain.tests\bin\debug\net10.0\patisserie_shop.domain.tests.dll" id="573c19c0-3b1e-f128-44dd-43a73ad71648">
      <Execution id="ae07da3d-e818-4347-b17b-08f10592d2ab" />
      <TestMethod codeBase="C:\Users\fares\OneDrive\Documents\Projects\patisserie_shop\test\patisserie_shop.Domain.Tests\bin\Debug\net10.0\patisserie_shop.Domain.Tests.dll" adapterTypeName="executor://xunit/VsTestRunner3/netcore/" className="patisserie_shop.Operations.AppStockTransferTests" name="AddItem_Should_Reject_Duplicates_And_NonPositive_Quantities" />
    </UnitTest>
    <UnitTest name="patisserie_shop.Operations.AppPurchaseOrderTests.Editing_Items_Or_Header_Is_Blocked_After_Draft" storage="c:\users\fares\onedrive\documents\projects\patisserie_shop\test\patisserie_shop.domain.tests\bin\debug\net10.0\patisserie_shop.domain.tests.dll" id="b1935718-3ca2-21fa-4b3a-3bea4a9eda6f">
      <Execution id="5a91467a-bd83-43d6-91c4-f68442dd1b60" />
      <TestMethod codeBase="C:\Users\fares\OneDrive\Documents\Projects\patisserie_shop\test\patisserie_shop.Domain.Tests\bin\Debug\net10.0\patisserie_shop.Domain.Tests.dll" adapterTypeName="executor://xunit/VsTestRunner3/netcore/" className="patisserie_shop.Operations.AppPurchaseOrderTests" name="Editing_Items_Or_Header_Is_Blocked_After_Draft" />
    </UnitTest>
    <UnitTest name="patisserie_shop.Operations.AppStockTransferTests.Submit_Should_Reject_Empty_Transfer" storage="c:\users\fares\onedrive\documents\projects\patisserie_shop\test\patisserie_shop.domain.tests\bin\debug\net10.0\patisserie_shop.domain.tests.dll" id="9f2a9cf9-a39d-40af-de40-160ac5b9caaa">
      <Execution id="296a0d96-8bcf-4517-8320-6767702381d2" />
      <TestMethod codeBase="C:\Users\fares\OneDrive\Documents\Projects\patisserie_shop\test\patisserie_shop.Domain.Tests\bin\Debug\net10.0\patisserie_shop.Domain.Tests.dll" adapterTypeName="executor://xunit/VsTestRunner3/netcore/" className="patisserie_shop.Operations.AppStockTransferTests" name="Submit_Should_Reject_Empty_Transfer" />
    </UnitTest>
    <UnitTest name="patisserie_shop.Operations.AppSaleTests.Record_Should_Throw_On_Empty_Sale" storage="c:\users\fares\onedrive\documents\projects\patisserie_shop\test\patisserie_shop.domain.tests\bin\debug\net10.0\patisserie_shop.domain.tests.dll" id="60f5559d-3fb3-557a-f413-88fa95bd2619">
      <Execution id="23acf087-d1eb-4e29-a7d0-52e3989fecc0" />
      <TestMethod codeBase="C:\Users\fares\OneDrive\Documents\Projects\patisserie_shop\test\patisserie_shop.Domain.Tests\bin\Debug\net10.0\patisserie_shop.Domain.Tests.dll" adapterTypeName="executor://xunit/VsTestRunner3/netcore/" className="patisserie_shop.Operations.AppSaleTests" name="Record_Should_Throw_On_Empty_Sale" />
    </UnitTest>
    <UnitTest name="patisserie_shop.Operations.AppSaleTests.AssignShift_Should_Link_The_Sale_To_A_Shift" storage="c:\users\fares\onedrive\documents\projects\patisserie_shop\test\patisserie_shop.domain.tests\bin\debug\net10.0\patisserie_shop.domain.tests.dll" id="8d40fffd-739f-fc18-5733-b27919597577">
      <Execution id="09078471-6e65-40bd-89e4-b798f915e13d" />
      <TestMethod codeBase="C:\Users\fares\OneDrive\Documents\Projects\patisserie_shop\test\patisserie_shop.Domain.Tests\bin\Debug\net10.0\patisserie_shop.Domain.Tests.dll" adapterTypeName="executor://xunit/VsTestRunner3/netcore/" className="patisserie_shop.Operations.AppSaleTests" name="AssignShift_Should_Link_The_Sale_To_A_Shift" />
    </UnitTest>
    <UnitTest name="patisserie_shop.Operations.AppPurchaseOrderTests.Cancel_Is_Blocked_After_Full_Receipt_But_Allowed_From_Draft" storage="c:\users\fares\onedrive\documents\projects\patisserie_shop\test\patisserie_shop.domain.tests\bin\debug\net10.0\patisserie_shop.domain.tests.dll" id="4eb10c01-cbe5-f52f-2d7a-53eef37c9ea2">
      <Execution id="455cf09f-5bb3-471a-983b-7560a61b453f" />
      <TestMethod codeBase="C:\Users\fares\OneDrive\Documents\Projects\patisserie_shop\test\patisserie_shop.Domain.Tests\bin\Debug\net10.0\patisserie_shop.Domain.Tests.dll" adapterTypeName="executor://xunit/VsTestRunner3/netcore/" className="patisserie_shop.Operations.AppPurchaseOrderTests" name="Cancel_Is_Blocked_After_Full_Receipt_But_Allowed_From_Draft" />
    </UnitTest>
    <UnitTest name="patisserie_shop.Operations.AppCashierShiftTests.Close_Should_Set_Variance_As_Counted_Minus_Expected_And_Flip_Status" storage="c:\users\fares\onedrive\documents\projects\patisserie_shop\test\patisserie_shop.domain.tests\bin\debug\net10.0\patisserie_shop.domain.tests.dll" id="ab5877ef-ec82-3792-508d-b632dae51900">
      <Execution id="d1edb0dc-c11e-4d10-839a-4435d92c57ac" />
      <TestMethod codeBase="C:\Users\fares\OneDrive\Documents\Projects\patisserie_shop\test\patisserie_shop.Domain.Tests\bin\Debug\net10.0\patisserie_shop.Domain.Tests.dll" adapterTypeName="executor://xunit/VsTestRunner3/netcore/" className="patisserie_shop.Operations.AppCashierShiftTests" name="Close_Should_Set_Variance_As_Counted_Minus_Expected_And_Flip_Status" />
    </UnitTest>
    <UnitTest name="patisserie_shop.Intelligence.AppDecisionLogTests.MarkExecuted_Records_The_Created_Document_Link" storage="c:\users\fares\onedrive\documents\projects\patisserie_shop\test\patisserie_shop.domain.tests\bin\debug\net10.0\patisserie_shop.domain.tests.dll" id="c555b039-2a4e-3169-9818-610298247d4d">
      <Execution id="11ca49e7-e0aa-46e9-8076-13a2d1cdc5ea" />
      <TestMethod codeBase="C:\Users\fares\OneDrive\Documents\Projects\patisserie_shop\test\patisserie_shop.Domain.Tests\bin\Debug\net10.0\patisserie_shop.Domain.Tests.dll" adapterTypeName="executor://xunit/VsTestRunner3/netcore/" className="patisserie_shop.Intelligence.AppDecisionLogTests" name="MarkExecuted_Records_The_Created_Document_Link" />
    </UnitTest>
    <UnitTest name="patisserie_shop.Operations.AppPurchaseOrderTests.Receipt_Walks_Partial_Then_Received_And_Publishes_PurchaseReceivedEto" storage="c:\users\fares\onedrive\documents\projects\patisserie_shop\test\patisserie_shop.domain.tests\bin\debug\net10.0\patisserie_shop.domain.tests.dll" id="aec9e75d-9a98-d4f6-4800-511f4b45d0f6">
      <Execution id="b6246ee5-d108-4d48-bfec-6942c0d93cdc" />
      <TestMethod codeBase="C:\Users\fares\OneDrive\Documents\Projects\patisserie_shop\test\patisserie_shop.Domain.Tests\bin\Debug\net10.0\patisserie_shop.Domain.Tests.dll" adapterTypeName="executor://xunit/VsTestRunner3/netcore/" className="patisserie_shop.Operations.AppPurchaseOrderTests" name="Receipt_Walks_Partial_Then_Received_And_Publishes_PurchaseReceivedEto" />
    </UnitTest>
    <UnitTest name="patisserie_shop.Operations.AppStockTransferTests.Approve_Should_Default_Approved_Quantities_To_Requested" storage="c:\users\fares\onedrive\documents\projects\patisserie_shop\test\patisserie_shop.domain.tests\bin\debug\net10.0\patisserie_shop.domain.tests.dll" id="c794c422-1f9d-861d-593b-9789fac8825a">
      <Execution id="48b9e98f-fe78-4836-b0a1-55420c6a8606" />
      <TestMethod codeBase="C:\Users\fares\OneDrive\Documents\Projects\patisserie_shop\test\patisserie_shop.Domain.Tests\bin\Debug\net10.0\patisserie_shop.Domain.Tests.dll" adapterTypeName="executor://xunit/VsTestRunner3/netcore/" className="patisserie_shop.Operations.AppStockTransferTests" name="Approve_Should_Default_Approved_Quantities_To_Requested" />
    </UnitTest>
    <UnitTest name="patisserie_shop.Intelligence.AppDecisionLogTests.Acknowledge_And_Dismiss_Transition_Once_And_Stamp_The_User" storage="c:\users\fares\onedrive\documents\projects\patisserie_shop\test\patisserie_shop.domain.tests\bin\debug\net10.0\patisserie_shop.domain.tests.dll" id="0ffa4f60-8511-6e28-05a8-822825aa8cc8">
      <Execution id="ad787a86-603f-440a-8b54-1f044d201bf0" />
      <TestMethod codeBase="C:\Users\fares\OneDrive\Documents\Projects\patisserie_shop\test\patisserie_shop.Domain.Tests\bin\Debug\net10.0\patisserie_shop.Domain.Tests.dll" adapterTypeName="executor://xunit/VsTestRunner3/netcore/" className="patisserie_shop.Intelligence.AppDecisionLogTests" name="Acknowledge_And_Dismiss_Transition_Once_And_Stamp_The_User" />
    </UnitTest>
    <UnitTest name="patisserie_shop.Operations.AppStockTransferTests.Ship_Requires_Approved_And_Complete_Requires_InTransit" storage="c:\users\fares\onedrive\documents\projects\patisserie_shop\test\patisserie_shop.domain.tests\bin\debug\net10.0\patisserie_shop.domain.tests.dll" id="3d53006a-fee9-5757-2e3e-fbb50a67772a">
      <Execution id="09e48e2a-50ce-4dcb-ba99-10a98d48287a" />
      <TestMethod codeBase="C:\Users\fares\OneDrive\Documents\Projects\patisserie_shop\test\patisserie_shop.Domain.Tests\bin\Debug\net10.0\patisserie_shop.Domain.Tests.dll" adapterTypeName="executor://xunit/VsTestRunner3/netcore/" className="patisserie_shop.Operations.AppStockTransferTests" name="Ship_Requires_Approved_And_Complete_Requires_InTransit" />
    </UnitTest>
    <UnitTest name="patisserie_shop.Intelligence.AppDecisionLogTests.RecordOutcome_Rejects_Invalid_Values" storage="c:\users\fares\onedrive\documents\projects\patisserie_shop\test\patisserie_shop.domain.tests\bin\debug\net10.0\patisserie_shop.domain.tests.dll" id="96283d70-22fc-583f-8fd9-95eea8d85525">
      <Execution id="b26eeb74-22d2-4de5-945f-90d9188e5ace" />
      <TestMethod codeBase="C:\Users\fares\OneDrive\Documents\Projects\patisserie_shop\test\patisserie_shop.Domain.Tests\bin\Debug\net10.0\patisserie_shop.Domain.Tests.dll" adapterTypeName="executor://xunit/VsTestRunner3/netcore/" className="patisserie_shop.Intelligence.AppDecisionLogTests" name="RecordOutcome_Rejects_Invalid_Values" />
    </UnitTest>
    <UnitTest name="patisserie_shop.Operations.AppPurchaseOrderTests.Receipt_Requires_A_Receivable_Status" storage="c:\users\fares\onedrive\documents\projects\patisserie_shop\test\patisserie_shop.domain.tests\bin\debug\net10.0\patisserie_shop.domain.tests.dll" id="bd999c45-3507-9adc-d223-8c12d6da1366">
      <Execution id="c36cc0dc-89f4-45c9-913b-19e8c31b85dd" />
      <TestMethod codeBase="C:\Users\fares\OneDrive\Documents\Projects\patisserie_shop\test\patisserie_shop.Domain.Tests\bin\Debug\net10.0\patisserie_shop.Domain.Tests.dll" adapterTypeName="executor://xunit/VsTestRunner3/netcore/" className="patisserie_shop.Operations.AppPurchaseOrderTests" name="Receipt_Requires_A_Receivable_Status" />
    </UnitTest>
    <UnitTest name="patisserie_shop.Operations.AppStockTransferTests.Complete_Uses_Supplied_Quantity_Or_Falls_Back_To_Approved_And_Publishes_Eto" storage="c:\users\fares\onedrive\documents\projects\patisserie_shop\test\patisserie_shop.domain.tests\bin\debug\net10.0\patisserie_shop.domain.tests.dll" id="8e463b1f-09a3-bc45-e784-06923d71c0b0">
      <Execution id="3f1f11c9-361d-4b4d-9cf9-2954f56dfb1f" />
      <TestMethod codeBase="C:\Users\fares\OneDrive\Documents\Projects\patisserie_shop\test\patisserie_shop.Domain.Tests\bin\Debug\net10.0\patisserie_shop.Domain.Tests.dll" adapterTypeName="executor://xunit/VsTestRunner3/netcore/" className="patisserie_shop.Operations.AppStockTransferTests" name="Complete_Uses_Supplied_Quantity_Or_Falls_Back_To_Approved_And_Publishes_Eto" />
    </UnitTest>
    <UnitTest name="patisserie_shop.Operations.AppSaleTests.AddItem_Should_Reject_Duplicate_Product" storage="c:\users\fares\onedrive\documents\projects\patisserie_shop\test\patisserie_shop.domain.tests\bin\debug\net10.0\patisserie_shop.domain.tests.dll" id="b5a52339-da1a-4ebc-23df-f3ffe69c4af1">
      <Execution id="bfac64fd-7749-4daf-96e7-cd63242bc428" />
      <TestMethod codeBase="C:\Users\fares\OneDrive\Documents\Projects\patisserie_shop\test\patisserie_shop.Domain.Tests\bin\Debug\net10.0\patisserie_shop.Domain.Tests.dll" adapterTypeName="executor://xunit/VsTestRunner3/netcore/" className="patisserie_shop.Operations.AppSaleTests" name="AddItem_Should_Reject_Duplicate_Product" />
    </UnitTest>
    <UnitTest name="patisserie_shop.Operations.AppSaleTests.Record_Should_Publish_SaleRecordedEto_When_Stock_Covers_All_Lines" storage="c:\users\fares\onedrive\documents\projects\patisserie_shop\test\patisserie_shop.domain.tests\bin\debug\net10.0\patisserie_shop.domain.tests.dll" id="2b150d03-5c26-8756-ee91-db8f4eedd586">
      <Execution id="01b9c72f-b904-4aa5-9398-d19346459fe1" />
      <TestMethod codeBase="C:\Users\fares\OneDrive\Documents\Projects\patisserie_shop\test\patisserie_shop.Domain.Tests\bin\Debug\net10.0\patisserie_shop.Domain.Tests.dll" adapterTypeName="executor://xunit/VsTestRunner3/netcore/" className="patisserie_shop.Operations.AppSaleTests" name="Record_Should_Publish_SaleRecordedEto_When_Stock_Covers_All_Lines" />
    </UnitTest>
    <UnitTest name="patisserie_shop.Operations.AppSaleTests.Void_Should_Flip_State_And_Capture_Who_When_And_Why" storage="c:\users\fares\onedrive\documents\projects\patisserie_shop\test\patisserie_shop.domain.tests\bin\debug\net10.0\patisserie_shop.domain.tests.dll" id="3dea9483-84c5-a389-dcc0-e03bfbbd5498">
      <Execution id="5bffd1f6-0fce-48f5-b3e6-35ee971fb848" />
      <TestMethod codeBase="C:\Users\fares\OneDrive\Documents\Projects\patisserie_shop\test\patisserie_shop.Domain.Tests\bin\Debug\net10.0\patisserie_shop.Domain.Tests.dll" adapterTypeName="executor://xunit/VsTestRunner3/netcore/" className="patisserie_shop.Operations.AppSaleTests" name="Void_Should_Flip_State_And_Capture_Who_When_And_Why" />
    </UnitTest>
    <UnitTest name="patisserie_shop.Operations.AppSaleTests.Void_Should_Throw_When_Already_Voided" storage="c:\users\fares\onedrive\documents\projects\patisserie_shop\test\patisserie_shop.domain.tests\bin\debug\net10.0\patisserie_shop.domain.tests.dll" id="b047eb95-d332-0b81-9581-d5716db54043">
      <Execution id="74a5e5cf-1e0c-4d60-9c73-5a4faac544d1" />
      <TestMethod codeBase="C:\Users\fares\OneDrive\Documents\Projects\patisserie_shop\test\patisserie_shop.Domain.Tests\bin\Debug\net10.0\patisserie_shop.Domain.Tests.dll" adapterTypeName="executor://xunit/VsTestRunner3/netcore/" className="patisserie_shop.Operations.AppSaleTests" name="Void_Should_Throw_When_Already_Voided" />
    </UnitTest>
    <UnitTest name="patisserie_shop.Operations.AppSaleTests.AddItem_Should_Recalculate_Total_From_Line_Subtotals" storage="c:\users\fares\onedrive\documents\projects\patisserie_shop\test\patisserie_shop.domain.tests\bin\debug\net10.0\patisserie_shop.domain.tests.dll" id="9d4737a9-eccc-5120-984a-52f6dea23274">
      <Execution id="db7483ba-0b4c-4c68-8825-695b448f1832" />
      <TestMethod codeBase="C:\Users\fares\OneDrive\Documents\Projects\patisserie_shop\test\patisserie_shop.Domain.Tests\bin\Debug\net10.0\patisserie_shop.Domain.Tests.dll" adapterTypeName="executor://xunit/VsTestRunner3/netcore/" className="patisserie_shop.Operations.AppSaleTests" name="AddItem_Should_Recalculate_Total_From_Line_Subtotals" />
    </UnitTest>
    <UnitTest name="patisserie_shop.Operations.AppStockTransferTests.Cancel_Is_Blocked_Once_Goods_Are_Moving_But_Allowed_While_Pending" storage="c:\users\fares\onedrive\documents\projects\patisserie_shop\test\patisserie_shop.domain.tests\bin\debug\net10.0\patisserie_shop.domain.tests.dll" id="4a424da2-8565-9d82-b4bf-36ec16db9da3">
      <Execution id="d7c3c057-88b6-47ed-a5b0-c893a2e99f06" />
      <TestMethod codeBase="C:\Users\fares\OneDrive\Documents\Projects\patisserie_shop\test\patisserie_shop.Domain.Tests\bin\Debug\net10.0\patisserie_shop.Domain.Tests.dll" adapterTypeName="executor://xunit/VsTestRunner3/netcore/" className="patisserie_shop.Operations.AppStockTransferTests" name="Cancel_Is_Blocked_Once_Goods_Are_Moving_But_Allowed_While_Pending" />
    </UnitTest>
    <UnitTest name="patisserie_shop.Operations.AppStockTransferTests.Constructor_Should_Reject_Same_Source_And_Destination" storage="c:\users\fares\onedrive\documents\projects\patisserie_shop\test\patisserie_shop.domain.tests\bin\debug\net10.0\patisserie_shop.domain.tests.dll" id="4feb6bb6-744d-599f-f103-0e38323fc4b3">
      <Execution id="9420d9d4-5cb6-4dde-a84a-a571768c8cb6" />
      <TestMethod codeBase="C:\Users\fares\OneDrive\Documents\Projects\patisserie_shop\test\patisserie_shop.Domain.Tests\bin\Debug\net10.0\patisserie_shop.Domain.Tests.dll" adapterTypeName="executor://xunit/VsTestRunner3/netcore/" className="patisserie_shop.Operations.AppStockTransferTests" name="Constructor_Should_Reject_Same_Source_And_Destination" />
    </UnitTest>
    <UnitTest name="patisserie_shop.Operations.AppStockTransferTests.Items_Are_Frozen_After_Submit" storage="c:\users\fares\onedrive\documents\projects\patisserie_shop\test\patisserie_shop.domain.tests\bin\debug\net10.0\patisserie_shop.domain.tests.dll" id="e7657215-ae16-c8e4-4420-3e45b49697be">
      <Execution id="9e9d9ad1-5675-46b0-9269-06988879f18b" />
      <TestMethod codeBase="C:\Users\fares\OneDrive\Documents\Projects\patisserie_shop\test\patisserie_shop.Domain.Tests\bin\Debug\net10.0\patisserie_shop.Domain.Tests.dll" adapterTypeName="executor://xunit/VsTestRunner3/netcore/" className="patisserie_shop.Operations.AppStockTransferTests" name="Items_Are_Frozen_After_Submit" />
    </UnitTest>
    <UnitTest name="patisserie_shop.Operations.AppPurchaseOrderTests.New_Order_Is_Draft_And_Item_Edits_Recalculate_Total" storage="c:\users\fares\onedrive\documents\projects\patisserie_shop\test\patisserie_shop.domain.tests\bin\debug\net10.0\patisserie_shop.domain.tests.dll" id="f62959ca-6952-0087-a37b-f7905b156949">
      <Execution id="b51875ae-f48d-4b09-b912-28a9c52c0a0e" />
      <TestMethod codeBase="C:\Users\fares\OneDrive\Documents\Projects\patisserie_shop\test\patisserie_shop.Domain.Tests\bin\Debug\net10.0\patisserie_shop.Domain.Tests.dll" adapterTypeName="executor://xunit/VsTestRunner3/netcore/" className="patisserie_shop.Operations.AppPurchaseOrderTests" name="New_Order_Is_Draft_And_Item_Edits_Recalculate_Total" />
    </UnitTest>
    <UnitTest name="patisserie_shop.Operations.AppSaleTests.Record_Should_Throw_When_Inventory_Row_Is_Missing" storage="c:\users\fares\onedrive\documents\projects\patisserie_shop\test\patisserie_shop.domain.tests\bin\debug\net10.0\patisserie_shop.domain.tests.dll" id="516b2d5e-19bf-261f-d0c5-73788ec872ba">
      <Execution id="42dca6ea-1203-4026-9b47-5d3d6b05f6ba" />
      <TestMethod codeBase="C:\Users\fares\OneDrive\Documents\Projects\patisserie_shop\test\patisserie_shop.Domain.Tests\bin\Debug\net10.0\patisserie_shop.Domain.Tests.dll" adapterTypeName="executor://xunit/VsTestRunner3/netcore/" className="patisserie_shop.Operations.AppSaleTests" name="Record_Should_Throw_When_Inventory_Row_Is_Missing" />
    </UnitTest>
    <UnitTest name="patisserie_shop.Intelligence.AppDecisionLogTests.RecordOutcome_Is_Write_Once" storage="c:\users\fares\onedrive\documents\projects\patisserie_shop\test\patisserie_shop.domain.tests\bin\debug\net10.0\patisserie_shop.domain.tests.dll" id="02d24536-3119-0e03-6ce5-0d55023f3573">
      <Execution id="dc1b5040-76a9-4810-b4fd-0bf79d4f0fb7" />
      <TestMethod codeBase="C:\Users\fares\OneDrive\Documents\Projects\patisserie_shop\test\patisserie_shop.Domain.Tests\bin\Debug\net10.0\patisserie_shop.Domain.Tests.dll" adapterTypeName="executor://xunit/VsTestRunner3/netcore/" className="patisserie_shop.Intelligence.AppDecisionLogTests" name="RecordOutcome_Is_Write_Once" />
    </UnitTest>
    <UnitTest name="patisserie_shop.Intelligence.AppDecisionLogTests.RecordOutcome_Sets_Outcome_And_Timestamp" storage="c:\users\fares\onedrive\documents\projects\patisserie_shop\test\patisserie_shop.domain.tests\bin\debug\net10.0\patisserie_shop.domain.tests.dll" id="1da80626-70b0-a42d-12a2-54f13c379228">
      <Execution id="c169c943-edd9-4fca-83e1-2eda6149e1dc" />
      <TestMethod codeBase="C:\Users\fares\OneDrive\Documents\Projects\patisserie_shop\test\patisserie_shop.Domain.Tests\bin\Debug\net10.0\patisserie_shop.Domain.Tests.dll" adapterTypeName="executor://xunit/VsTestRunner3/netcore/" className="patisserie_shop.Intelligence.AppDecisionLogTests" name="RecordOutcome_Sets_Outcome_And_Timestamp" />
    </UnitTest>
  </TestDefinitions>
  <TestEntries>
    <TestEntry testId="4a424da2-8565-9d82-b4bf-36ec16db9da3" executionId="d7c3c057-88b6-47ed-a5b0-c893a2e99f06" testListId="8c84fa94-04c1-424b-9868-57a2d4851a1d" />
    <TestEntry testId="e90b6482-c334-a7ee-fd5c-59ae29314e76" executionId="aaf3397c-0e48-4013-95bd-a46de16349a3" testListId="8c84fa94-04c1-424b-9868-57a2d4851a1d" />
    <TestEntry testId="573c19c0-3b1e-f128-44dd-43a73ad71648" executionId="ae07da3d-e818-4347-b17b-08f10592d2ab" testListId="8c84fa94-04c1-424b-9868-57a2d4851a1d" />
    <TestEntry testId="b047eb95-d332-0b81-9581-d5716db54043" executionId="74a5e5cf-1e0c-4d60-9c73-5a4faac544d1" testListId="8c84fa94-04c1-424b-9868-57a2d4851a1d" />
    <TestEntry testId="4feb6bb6-744d-599f-f103-0e38323fc4b3" executionId="9420d9d4-5cb6-4dde-a84a-a571768c8cb6" testListId="8c84fa94-04c1-424b-9868-57a2d4851a1d" />
    <TestEntry testId="aec9e75d-9a98-d4f6-4800-511f4b45d0f6" executionId="b6246ee5-d108-4d48-bfec-6942c0d93cdc" testListId="8c84fa94-04c1-424b-9868-57a2d4851a1d" />
    <TestEntry testId="0ffa4f60-8511-6e28-05a8-822825aa8cc8" executionId="ad787a86-603f-440a-8b54-1f044d201bf0" testListId="8c84fa94-04c1-424b-9868-57a2d4851a1d" />
    <TestEntry testId="e7657215-ae16-c8e4-4420-3e45b49697be" executionId="9e9d9ad1-5675-46b0-9269-06988879f18b" testListId="8c84fa94-04c1-424b-9868-57a2d4851a1d" />
    <TestEntry testId="b5a52339-da1a-4ebc-23df-f3ffe69c4af1" executionId="bfac64fd-7749-4daf-96e7-cd63242bc428" testListId="8c84fa94-04c1-424b-9868-57a2d4851a1d" />
    <TestEntry testId="c794c422-1f9d-861d-593b-9789fac8825a" executionId="48b9e98f-fe78-4836-b0a1-55420c6a8606" testListId="8c84fa94-04c1-424b-9868-57a2d4851a1d" />
    <TestEntry testId="9f2a9cf9-a39d-40af-de40-160ac5b9caaa" executionId="296a0d96-8bcf-4517-8320-6767702381d2" testListId="8c84fa94-04c1-424b-9868-57a2d4851a1d" />
    <TestEntry testId="f6e75052-0bec-b850-3616-d3b94b682dff" executionId="5d8b34da-9767-4218-b430-fefef0b57473" testListId="8c84fa94-04c1-424b-9868-57a2d4851a1d" />
    <TestEntry testId="c555b039-2a4e-3169-9818-610298247d4d" executionId="11ca49e7-e0aa-46e9-8076-13a2d1cdc5ea" testListId="8c84fa94-04c1-424b-9868-57a2d4851a1d" />
    <TestEntry testId="830b61d5-5619-c4d5-8486-3d9580ac8583" executionId="aa894881-64f0-4289-b062-bea0817fc5e9" testListId="8c84fa94-04c1-424b-9868-57a2d4851a1d" />
    <TestEntry testId="1ee852ca-c85e-7e8f-9178-8c2df22ec011" executionId="fb744e84-6905-4f3e-8f91-7ec87d73a363" testListId="8c84fa94-04c1-424b-9868-57a2d4851a1d" />
    <TestEntry testId="f62959ca-6952-0087-a37b-f7905b156949" executionId="b51875ae-f48d-4b09-b912-28a9c52c0a0e" testListId="8c84fa94-04c1-424b-9868-57a2d4851a1d" />
    <TestEntry testId="1c8b4437-f4ed-d859-e155-a074eb639b7e" executionId="48e8d4fd-4579-480c-b44b-1eb856d69b37" testListId="8c84fa94-04c1-424b-9868-57a2d4851a1d" />
    <TestEntry testId="02d24536-3119-0e03-6ce5-0d55023f3573" executionId="dc1b5040-76a9-4810-b4fd-0bf79d4f0fb7" testListId="8c84fa94-04c1-424b-9868-57a2d4851a1d" />
    <TestEntry testId="4eb10c01-cbe5-f52f-2d7a-53eef37c9ea2" executionId="455cf09f-5bb3-471a-983b-7560a61b453f" testListId="8c84fa94-04c1-424b-9868-57a2d4851a1d" />
    <TestEntry testId="1da80626-70b0-a42d-12a2-54f13c379228" executionId="c169c943-edd9-4fca-83e1-2eda6149e1dc" testListId="8c84fa94-04c1-424b-9868-57a2d4851a1d" />
    <TestEntry testId="2b150d03-5c26-8756-ee91-db8f4eedd586" executionId="01b9c72f-b904-4aa5-9398-d19346459fe1" testListId="8c84fa94-04c1-424b-9868-57a2d4851a1d" />
    <TestEntry testId="3d53006a-fee9-5757-2e3e-fbb50a67772a" executionId="09e48e2a-50ce-4dcb-ba99-10a98d48287a" testListId="8c84fa94-04c1-424b-9868-57a2d4851a1d" />
    <TestEntry testId="60f5559d-3fb3-557a-f413-88fa95bd2619" executionId="23acf087-d1eb-4e29-a7d0-52e3989fecc0" testListId="8c84fa94-04c1-424b-9868-57a2d4851a1d" />
    <TestEntry testId="ab5877ef-ec82-3792-508d-b632dae51900" executionId="d1edb0dc-c11e-4d10-839a-4435d92c57ac" testListId="8c84fa94-04c1-424b-9868-57a2d4851a1d" />
    <TestEntry testId="8d40fffd-739f-fc18-5733-b27919597577" executionId="09078471-6e65-40bd-89e4-b798f915e13d" testListId="8c84fa94-04c1-424b-9868-57a2d4851a1d" />
    <TestEntry testId="3fa8046d-10db-4bff-a7a0-3ef1671d96a7" executionId="d01d9d7a-07b8-45cc-be76-dc38e63ff2cc" testListId="8c84fa94-04c1-424b-9868-57a2d4851a1d" />
    <TestEntry testId="4a8bab1f-ceeb-7187-88ab-50b3ea758184" executionId="39b0dbf2-734c-496c-908a-ac8c2c32a39a" testListId="8c84fa94-04c1-424b-9868-57a2d4851a1d" />
    <TestEntry testId="96283d70-22fc-583f-8fd9-95eea8d85525" executionId="b26eeb74-22d2-4de5-945f-90d9188e5ace" testListId="8c84fa94-04c1-424b-9868-57a2d4851a1d" />
    <TestEntry testId="b1935718-3ca2-21fa-4b3a-3bea4a9eda6f" executionId="5a91467a-bd83-43d6-91c4-f68442dd1b60" testListId="8c84fa94-04c1-424b-9868-57a2d4851a1d" />
    <TestEntry testId="bd999c45-3507-9adc-d223-8c12d6da1366" executionId="c36cc0dc-89f4-45c9-913b-19e8c31b85dd" testListId="8c84fa94-04c1-424b-9868-57a2d4851a1d" />
    <TestEntry testId="0183945e-727d-6293-e2b3-ce754c28ef59" executionId="39ecfb69-8be5-4a8c-92fd-a45944d8c80f" testListId="8c84fa94-04c1-424b-9868-57a2d4851a1d" />
    <TestEntry testId="cb7b6709-1f77-c69c-9d8c-a149734fa9d5" executionId="9b0ebbf9-cdde-4ee1-a9c6-2bdf66fe5505" testListId="8c84fa94-04c1-424b-9868-57a2d4851a1d" />
    <TestEntry testId="3dea9483-84c5-a389-dcc0-e03bfbbd5498" executionId="5bffd1f6-0fce-48f5-b3e6-35ee971fb848" testListId="8c84fa94-04c1-424b-9868-57a2d4851a1d" />
    <TestEntry testId="421b399b-4ec4-8a78-4f73-596144a312a0" executionId="2a9d5049-8604-4d18-8ba1-b64157b06cf9" testListId="8c84fa94-04c1-424b-9868-57a2d4851a1d" />
    <TestEntry testId="9d4737a9-eccc-5120-984a-52f6dea23274" executionId="db7483ba-0b4c-4c68-8825-695b448f1832" testListId="8c84fa94-04c1-424b-9868-57a2d4851a1d" />
    <TestEntry testId="8e463b1f-09a3-bc45-e784-06923d71c0b0" executionId="3f1f11c9-361d-4b4d-9cf9-2954f56dfb1f" testListId="8c84fa94-04c1-424b-9868-57a2d4851a1d" />
    <TestEntry testId="516b2d5e-19bf-261f-d0c5-73788ec872ba" executionId="42dca6ea-1203-4026-9b47-5d3d6b05f6ba" testListId="8c84fa94-04c1-424b-9868-57a2d4851a1d" />
    <TestEntry testId="26f0252a-199e-7d69-7061-e78c91c31eb7" executionId="edcfc5de-9de6-47c0-8160-50e18b243425" testListId="8c84fa94-04c1-424b-9868-57a2d4851a1d" />
  </TestEntries>
  <TestLists>
    <TestList name="Results Not in a List" id="8c84fa94-04c1-424b-9868-57a2d4851a1d" />
    <TestList name="All Loaded Results" id="19431567-8539-422a-85d7-44ee4e166bda" />
  </TestLists>
  <ResultSummary outcome="Completed">
    <Counters total="38" executed="38" passed="38" failed="0" error="0" timeout="0" aborted="0" inconclusive="0" passedButRunAborted="0" notRunnable="0" notExecuted="0" disconnected="0" warning="0" completed="0" inProgress="0" pending="0" />
    <Output>
      <StdOut>[xUnit.net 00:00:00.00] xUnit.net VSTest Adapter v3.1.4+50e68bbb8b (64-bit .NET 10.0.9)&#xD;
[xUnit.net 00:00:00.10]   Discovering: patisserie_shop.Domain.Tests&#xD;
[xUnit.net 00:00:00.15]   Discovered:  patisserie_shop.Domain.Tests&#xD;
[xUnit.net 00:00:00.17]   Starting:    patisserie_shop.Domain.Tests&#xD;
[xUnit.net 00:00:00.30]   Finished:    patisserie_shop.Domain.Tests&#xD;
</StdOut>
    </Output>
  </ResultSummary>
</TestRun>